"Year","Month","DPM_t_C_ha","RPM_t_C_ha","Bio_t_C_ha","Hum_t_C_ha","IOM_t_C_ha","SOC_t_C_ha","CO2_t_C_ha","deltaC"
1,20916,0.16057947016601,5.82083040142909,0.871745611728382,32.6201647010185,3.0041,42.477420184342,0,-84.3258500840975
1939,12,0.0796391986662985,5.5522252214084,0.840233599341739,32.5775636282682,3.0041,42.0537616476846,1.88795853665739,-85.632197302467
1940,12,0.10752625862711,5.30207848609021,0.797874129729831,32.520489483624,3.0041,41.7320683580712,2.78055182627078,-86.4865059035947
1941,12,0.126584869187009,5.07167427182243,0.763377051668473,32.4459806251946,3.0041,41.4117168178725,4.42750336646949,-87.4882489645059
1942,12,0.0770737774354191,4.90185482651876,0.74483508257293,32.3908008223988,3.0041,41.1186645089259,5.8582556754161,-88.3528815135056
1943,12,0.127329502547848,4.68252353319568,0.709202795526846,32.298175714598,3.0041,40.8213315458684,7.29788863847359,-89.2371960821192
1944,12,0.12851101138757,4.63926070825328,0.70535615149167,32.2432814246082,3.0041,40.7205092957407,8.76021088860129,-89.7527700402686
1945,12,0.0885580007899445,4.46316559402834,0.683419770930762,32.1808958688808,3.0041,40.4201392346299,9.7004809497121,-90.7581399827826
1946,12,0.121168001889199,4.11319850467952,0.631806187281656,32.018133522381,3.0041,39.8884062162314,11.3877139681106,-92.4127359589837
1947,12,0.144720681967723,4.14208352026145,0.635533670913455,31.96945922177,3.0041,39.8958970949126,12.4416230894294,-92.9631481062005
1948,12,0.136491051043387,3.88591061119061,0.603500054451771,31.7943808912514,3.0041,39.4243826079371,14.3970375764049,-94.5014404652089
1949,12,0.150201749487852,4.1613303527734,0.647874497778546,31.7683091832131,3.0041,39.7318157832529,16.0638044010891,-94.74570465301
1950,12,0.375252156715653,4.51319761777375,0.679527263047177,31.7209949740104,3.0041,40.293072011547,18.122348172795,-94.1693047161093
1951,12,0.111972668791665,4.25063359795409,0.666284495670266,31.6275897180851,3.0041,39.6605804805011,20.0247397038409,-95.41294495474
1952,12,0.0701481933629626,4.05642089819054,0.641242907715038,31.5195837383807,3.0041,39.2914957376492,21.5682244466928,-96.2513185130597
1953,12,0.0984491368049607,4.03585916393644,0.635746858298227,31.4392517801916,3.0041,39.2134069392312,22.9996132451108,-96.6152142747121
1954,12,0.0555014969959794,4.25833621637159,0.677959796863121,31.4182989344543,3.0041,39.414196444685,24.889923739657,-96.3996097959648
1955,12,0.467888044193835,5.0533212017983,0.754516697128922,31.4753173637661,3.0041,40.7551433068871,26.5709768774549,-93.3834071294882
1956,12,0.983795696382301,5.40594542942774,0.748981843036951,31.4365077447995,3.0041,41.5793307136465,28.3445894706956,-90.1805206684161
1957,12,0.0496245668141389,5.17180354541247,0.810171711229406,31.4901379640467,3.0041,40.5258377875027,31.2067823968394,-90.5521731304333
1958,12,0.123785696775918,4.80791945977785,0.742290142634998,31.3771466468959,3.0041,40.0552419460847,32.9912782382574,-88.561897206593
1959,12,0.158806688848796,5.05057786369285,0.77571766411467,31.3903584232418,3.0041,40.3795606398981,34.6959595444439,-81.3631391294032
1960,12,0.303390688840543,5.45671113852721,0.820366010114737,31.4287278172205,3.0041,41.013295654703,36.6564245296391,-73.7933037826037
1961,12,1.2469937401405,5.7288565323077,0.757195400607929,31.3393847206831,3.0041,42.0765303937393,38.1903897906027,-60.3855711058914
1962,12,0.082130378710826,5.63949204118029,0.867826812847081,31.4689621551465,3.0041,41.0625113878847,41.1776087964573,-60.8233173701918
1963,12,0.0856356739098352,5.24214555850478,0.802723884446101,31.3917993042527,3.0041,40.5264044211134,42.6944157632286,-51.5288320106392
1964,12,0.255415284160894,5.4774064535196,0.819470844341511,31.4017970959807,3.0041,40.9581896780027,44.2916305063393,-25.7190631197495
1965,12,0.504379908821369,6.25121614379214,0.910560687135843,31.5115284109935,3.0041,42.1817851507428,46.5911350335992,8.90494835513289
1966,12,1.00949875929823,6.07659416078497,0.824566945200245,31.428253182083,3.0041,42.3430130473665,49.0299071369755,26.9979100504947
1967,12,0.108819966940209,5.83002064585964,0.881877470064439,31.5097022747515,3.0041,41.3345203576158,51.9781998267262,19.5787621736812
1968,12,0.11069574664951,5.49670505900076,0.830201859711615,31.4523931719934,3.0041,40.8940958373553,53.8034243469867,19.4920976598809
1969,12,0.460244255234708,5.84965749157716,0.845855020341193,31.4701887015155,3.0041,41.6300454686685,55.0964747156734,31.3744197131207
1970,12,0.6298905513122,6.46777889190555,0.921391663465451,31.5674601606409,3.0041,42.5906212673241,56.7556989170179,43.1259210988195
1971,12,0.14310757220231,6.32727397254168,0.949632464447132,31.634428319552,3.0041,42.0585423287431,59.0324778555989,39.2566688485563
1972,12,0.552882174689747,6.79909726590958,0.97526043861759,31.6882799602134,3.0041,43.0196198394303,60.5027003449117,49.3212042210391
1973,12,0.299626561121982,6.51425626403079,0.954091313109364,31.7111652409467,3.0041,42.4832393792088,62.6978808051331,45.0790527836056
1974,12,0.0578155047348072,6.19214528206428,0.930389140152472,31.7266403191194,3.0041,41.9110902460709,65.226729938271,40.6183446367292
1975,12,0.359149035859261,6.47821101674474,0.941266221575432,31.7645301751659,3.0041,42.5472564493454,67.2103637349966,46.4859705860057
1976,12,0.0843932928162197,6.49660720415106,0.975678828759634,31.8413305331945,3.0041,42.4021098589214,69.5330103254206,45.2007745904857
1977,12,0.0358069484539399,5.94592499755437,0.895151796487074,31.7869622562604,3.0041,41.6679459987558,71.6744741855862,39.1557121793575
1978,12,0.357705549521249,6.0684936146078,0.878822630213336,31.7775929750892,3.0041,42.0867147694316,73.1042054149105,41.3025181957207
1979,12,0.114494948817327,6.00258961453275,0.895770441796436,31.8125462094116,3.0041,41.8295012145581,75.2099189697839,38.4920071135131
1980,12,0.12422749262749,5.88952260250303,0.881318547897509,31.8040326073314,3.0041,41.7032012503594,77.4723189339826,36.2497876719601
1981,12,0.164181198783774,6.20764010101366,0.929219655139666,31.8719923246388,3.0041,42.1771332795759,79.860886904766,37.4255930370484
1982,12,0.1351412180225,6.19403422811494,0.928308787529186,31.8974694626104,3.0041,42.1590536962771,82.0088664880649,35.8152188904963
1983,12,0.0421963502304116,5.86913121607002,0.888861426901642,31.8767607009217,3.0041,41.6810496941237,84.4266704902183,31.6466012802379
1984,12,0.0306944797072546,5.62464253288591,0.855059643472085,31.8461622905877,3.0041,41.360658946653,86.6868612376891,28.4057853133692
1985,12,0.594438796362475,5.9497891670227,0.845038947078642,31.8275092067702,3.0041,42.220876117234,88.419944067108,30.6309494748125
1986,12,0.126620920539655,6.20637557855081,0.936831894759444,31.9490137955604,3.0041,42.2229421894103,91.4397779949317,28.8790861507167
1987,12,0.143584790390439,6.01664986256861,0.902770578586216,31.9334922210914,3.0041,42.0005974526367,93.6353227317054,26.4204207985208
1988,12,0.0540343912057821,5.78046435119616,0.876153638439752,31.9179730744117,3.0041,41.6327254552534,95.9429947290887,23.4550378779372
1989,12,0.116847936464429,5.70984379045661,0.858814762698005,31.9006204673818,3.0041,41.5902269570008,97.9252932273412,21.8700542672097
1990,12,0.556031169867922,6.22396715522233,0.890369947866327,31.9402178576884,3.0041,42.6146861306449,99.4941340536971,23.9963273118429
1991,12,0.107109990672752,6.58009112723785,0.997559156538317,32.0947438272853,3.0041,42.7836041017342,102.516116082608,23.0086395314466
1992,12,0.0947758632969675,6.27397799372183,0.949459910217496,32.08432068785,3.0041,42.4066344550863,105.060385729256,20.3097343082677
1993,12,0.0712664543822419,5.85517646134474,0.886326152338486,32.0353936835767,3.0041,41.8522627516422,107.5545574327,17.1891249597296
1994,12,0.0373431589188607,5.53943590754412,0.842670828919678,31.9875014627234,3.0041,41.4110513581061,109.935568826236,14.5600032652957
1995,12,0.252247439076392,5.79660972696758,0.864351021288376,31.9989979233032,3.0041,41.9163061106356,112.023614073707,14.6584514936607
1996,12,0.539417382705404,6.46595774575197,0.934948224703364,32.089465547861,3.0041,43.0338889010217,113.76853128332,16.378608536227
1997,12,0.193839670791141,6.56288749943489,0.983411669887973,32.1775723406026,3.0041,42.9218111807166,115.922609003625,15.2036166104579
1998,12,0.0638592928959021,6.36889000117604,0.967538513195129,32.2047445704976,3.0041,42.6091323777647,118.590387806577,13.2567565218811
1999,12,0.446591169507893,5.84884890613751,0.844297732697225,32.0760559402828,3.0041,42.2198937486254,121.040626435717,10.9618831001776
2000,12,0.363766679509901,6.11452402219034,0.898292371111193,32.1315291869433,3.0041,42.5122122597548,123.835707924587,10.4065578779697
2001,12,0.0548108046115277,5.99658591195579,0.914583939535672,32.1705315010708,3.0041,42.1406121571738,126.419008027168,8.72183154307082
2002,12,0.199474448728851,6.21575767733383,0.930690270615907,32.2060118361151,3.0041,42.5560342327937,128.299585951548,8.70638693376646
2003,12,0.323325975175528,6.5225343733764,0.961567308507391,32.2631134264825,3.0041,43.0746410835419,130.0221791008,8.93284766151448
2004,12,0.529583408268073,6.48197977387905,0.930669661444518,32.2568868051786,3.0041,43.2032196487703,132.388200535572,8.14981024865169
2005,12,0.198673615583208,6.37285911242432,0.95078086434303,32.3062068426376,3.0041,42.8326204349882,134.844899749354,6.71421197271616
2006,12,0.0334493100476436,6.35903205721239,0.972642991479168,32.3719731173496,3.0041,42.7411974760888,137.989622708253,5.60156938792278
2007,12,0.185734181578562,6.28136027726201,0.94049255606518,32.3635571381519,3.0041,42.7752441530577,139.929776031284,4.92093111882852
